[2mJul 18 13:45:10.574[0m [34mDEBUG[0m api3tracker::args: Args { listen: "0.0.0.0:8000", static_dir: "/home/adm0/src/github.com/EnormousCloud/api3-dao-tracker/client/dist", cache_dir: "/home/adm0/src/github.com/EnormousCloud/api3-dao-tracker/.cache", rpc_endpoint: "/home/adm0/.ethereum/rinkeby/geth.ipc", rpc_batch_size: 5000, address_api3_token: "d3e7bc3f88a39af6cb19394ccc4c0705f2c6f0c2", address_api3_pool: "f10952f418da8da5ece292b1b82a20479633f173", address_api3_supply: None, address_convenience: "269e1baceb37d22aaddddd3ed83e54ae6e8c2672", address_voting1: "2c5c6557d4b9874411adf1c126cb3bae7242c1c0", address_agent1: "43e78f2911c3a8db79cf03269b691f27a2551e2e", address_voting2: "51e9737734b7ae1456ce174f046fb784c3a8d8b1", address_agent2: "36d09b485fe0c3a24e92fa24cfdc0e8ebf981ef9", genesis_block: 8842400, dump: None, watch: false, no_ens: true }
[2mJul 18 13:45:10.574[0m [32m INFO[0m [1mServer::run[0m[1m{[0maddr=0.0.0.0:8000[1m}[0m: warp::server: listening on http://0.0.0.0:8000
[2mJul 18 13:45:10.575[0m [34mDEBUG[0m api3tracker::reader: pulling cached blocks 8842400..8847399 chain_id 4
[2mJul 18 13:45:10.634[0m [33m WARN[0m client::state: amount 500024400684900000000 is less than trying to schedule for unstaking, shares 499930229094703255238, wallet Wallet { address: 0x90f8bf6a479f320ead074411a4b0e7944ea8c9c1, ens: None, vested: false, deposited: 500000000000000000000, withdrawn: 0, staked: 500000000000000000000, scheduled_unstake: None, shares: 499930229094734756153, delegates: None, delegated: {}, voting_power: 499930229094734756153, votes: 0, created_at: 1624906546, updated_at: 1624908814 } OnChainEvent { entry: ScheduledUnstakeV0 { user: 0x90f8bf6a479f320ead074411a4b0e7944ea8c9c1, amount: 500024400684900000000, shares: 499930229094703255238, scheduled_for: 1624912414 }, tm: 1624908814, block_number: 8844806, tx: 0x91cbbcbc367bfa9cf1ce62b3bcda09a8a0a8896ab493befba63bd8d92139978e, log_index: 2 }    
[2mJul 18 13:45:10.636[0m [33m WARN[0m client::state: scheduled for stake shares 999860458189469512306 are less than unstaked unstaking 1000110729202254138177 amount 999999999999999999999 wallet Wallet { address: 0xb202608282d55835e89a65a3f06bbacf6a91a49d, ens: None, vested: false, deposited: 1000000000000000000000, withdrawn: 0, staked: 1, scheduled_unstake: Some(ScheduledUnstake { amount: 999999999999999999999, shares: 999860458189469512306, tm: 1624908826 }), shares: 1, delegates: None, delegated: {}, voting_power: 1, votes: 0, created_at: 1624905001, updated_at: 1624909699 } OnChainEvent { entry: UnstakedV0 { user: 0xb202608282d55835e89a65a3f06bbacf6a91a49d, amount: 999999999999999999999 }, tm: 1624909699, block_number: 8844865, tx: 0xf6fe7fc12850c3766e309ae1811a7854ead60e3ef9659313b38dcd663a57a064, log_index: 47 }    
[2mJul 18 13:45:10.638[0m [33m WARN[0m client::state: scheduled for stake shares 999860458189469512307 are less than unstaked unstaking 1000123720657727579177 amount 1000000000000000000000 wallet Wallet { address: 0xb0162fbf7f341a1f6da29a6be1dd1faae0fa9b21, ens: None, vested: false, deposited: 2000000000000000000000, withdrawn: 0, staked: 1000000000000000000000, scheduled_unstake: Some(ScheduledUnstake { amount: 1000000000000000000000, shares: 999860458189469512307, tm: 1624910056 }), shares: 999860458189469512307, delegates: None, delegated: {0x83c257760c549903fde394f0eeaa80ad9e610f22: 0}, voting_power: 999860458189469512307, votes: 2, created_at: 1624906276, updated_at: 1624910089 } OnChainEvent { entry: UnstakedV0 { user: 0xb0162fbf7f341a1f6da29a6be1dd1faae0fa9b21, amount: 1000000000000000000000 }, tm: 1624910089, block_number: 8844891, tx: 0x05ea7ca1b529b6821e63a0f48438e5f3449121f41f00c40e5da6e60bd5580390, log_index: 0 }    
[2mJul 18 13:45:10.645[0m [33m WARN[0m client::state: amount 360002386397933592155738 is less than trying to schedule for unstaking, shares 359916495999701650415163, wallet Wallet { address: 0x07b589f06bd0a5324c4e2376d66d2f4f25921de1, ens: None, vested: false, deposited: 360000000000000000000000, withdrawn: 0, staked: 360000000000000000000000, scheduled_unstake: None, shares: 359916495999701650415164, delegates: None, delegated: {}, voting_power: 359916495999701650415164, votes: 4, created_at: 1624895799, updated_at: 1624910599 } OnChainEvent { entry: ScheduledUnstakeV0 { user: 0x07b589f06bd0a5324c4e2376d66d2f4f25921de1, amount: 360002386397933592155738, shares: 359916495999701650415163, scheduled_for: 1624914199 }, tm: 1624910599, block_number: 8844925, tx: 0xce9e9ee2621e1928c75616602c243ee7e9923520a5de449225c5eef32faed966, log_index: 56 }    
[2mJul 18 13:45:10.651[0m [33m WARN[0m client::state: scheduled for stake shares 999811666010563174892 are less than unstaked unstaking 1000183344673173643195 amount 1000000000000000000000 wallet Wallet { address: 0x83c257760c549903fde394f0eeaa80ad9e610f22, ens: None, vested: false, deposited: 35000000000000000000000, withdrawn: 0, staked: 29000000000000000000000, scheduled_unstake: Some(ScheduledUnstake { amount: 1000000000000000000000, shares: 999811666010563174892, tm: 1624910521 }), shares: 28996002079673522194326, delegates: None, delegated: {}, voting_power: 28996002079673522194326, votes: 2, created_at: 1624904881, updated_at: 1624912612 } OnChainEvent { entry: UnstakedV0 { user: 0x83c257760c549903fde394f0eeaa80ad9e610f22, amount: 1000000000000000000000 }, tm: 1624912612, block_number: 8845059, tx: 0x1f26dc151afebd58f592563f7abcb447d49ec045cf0494d72ec476d27c0c3aee, log_index: 18 }    
[2mJul 18 13:45:10.652[0m [33m WARN[0m client::state: unstaked without scheduled! shares 500116077495222419801 amount 500024400684900000000 wallet Wallet { address: 0x90f8bf6a479f320ead074411a4b0e7944ea8c9c1, ens: None, vested: false, deposited: 500000000000000000000, withdrawn: 0, staked: 500000000000000000000, scheduled_unstake: None, shares: 499930229094734756153, delegates: None, delegated: {}, voting_power: 499930229094734756153, votes: 0, created_at: 1624906546, updated_at: 1624912748 } OnChainEvent { entry: UnstakedV0 { user: 0x90f8bf6a479f320ead074411a4b0e7944ea8c9c1, amount: 500024400684900000000 }, tm: 1624912748, block_number: 8845068, tx: 0x6057600c77f113de43e50c54bcac5c7623bc7457ab32215fdf9706257968899f, log_index: 1 }    
[2mJul 18 13:45:10.653[0m [33m WARN[0m client::state: scheduled for stake shares 9998604581894695123 are less than unstaked unstaking 10001837772429256025 amount 10000000000000000000 wallet Wallet { address: 0xa2c0f6c8330b849be3697607e6f8f23155f69fc0, ens: None, vested: false, deposited: 1000000000000000000000, withdrawn: 0, staked: 990000000000000000000, scheduled_unstake: Some(ScheduledUnstake { amount: 10000000000000000000, shares: 9998604581894695123, tm: 1624909876 }), shares: 989861853607574817183, delegates: None, delegated: {}, voting_power: 989861853607574817183, votes: 0, created_at: 1624906141, updated_at: 1624913138 } OnChainEvent { entry: UnstakedV0 { user: 0xa2c0f6c8330b849be3697607e6f8f23155f69fc0, amount: 10000000000000000000 }, tm: 1624913138, block_number: 8845094, tx: 0xcc826788d79c6903cbc14238f3f055dc54b1d21f4bb6c2a6bbbcde0908b4581e, log_index: 0 }    
[2mJul 18 13:45:10.654[0m [33m WARN[0m client::state: scheduled for stake shares 999811493004908071355 are less than unstaked unstaking 1000183778023280760627 amount 1000000000000000000000 wallet Wallet { address: 0xaab85276c5c043f5b8af91cbf399322189486e86, ens: None, vested: false, deposited: 72000000000000000000000, withdrawn: 0, staked: 71000000000000000000000, scheduled_unstake: Some(ScheduledUnstake { amount: 1000000000000000000000, shares: 999811493004908071355, tm: 1624913599 }), shares: 70986618598433299619272, delegates: None, delegated: {}, voting_power: 70986618598433299619272, votes: 0, created_at: 1624909594, updated_at: 1624913873 } OnChainEvent { entry: UnstakedV0 { user: 0xaab85276c5c043f5b8af91cbf399322189486e86, amount: 1000000000000000000000 }, tm: 1624913873, block_number: 8845143, tx: 0x6a142c81b157f897ab215a27e06301f04ec78415fe57e27d05c471eafbed3167, log_index: 6 }    
[2mJul 18 13:45:10.657[0m [33m WARN[0m client::state: unstaked without scheduled! shares 360068589028675724693790 amount 360002386397933592155738 wallet Wallet { address: 0x07b589f06bd0a5324c4e2376d66d2f4f25921de1, ens: None, vested: false, deposited: 360000000000000000000000, withdrawn: 0, staked: 360000000000000000000000, scheduled_unstake: None, shares: 359916495999701650415164, delegates: None, delegated: {}, voting_power: 359916495999701650415164, votes: 4, created_at: 1624895799, updated_at: 1624914233 } OnChainEvent { entry: UnstakedV0 { user: 0x07b589f06bd0a5324c4e2376d66d2f4f25921de1, amount: 360002386397933592155738 }, tm: 1624914233, block_number: 8845167, tx: 0xe70e67a53e1f51131e24d0474f713e01b6fac36ebcf0353dce726aae8cbd5ac0, log_index: 9 }    
[2mJul 18 13:45:10.668[0m [33m WARN[0m client::state: scheduled for stake shares 499977312673311913072 are less than unstaked unstaking 500096330109911593359 amount 500000000000000000000 wallet Wallet { address: 0x0f25837044826d0d20a6f0a2b08ffe924e2d012f, ens: None, vested: false, deposited: 1200000000000001000000, withdrawn: 0, staked: 500000000000001000000, scheduled_unstake: Some(ScheduledUnstake { amount: 500000000000000000000, shares: 499977312673311913072, tm: 1624902355 }), shares: 499977312673312913027, delegates: None, delegated: {}, voting_power: 499977312673312913027, votes: 0, created_at: 1624898305, updated_at: 1624932216 } OnChainEvent { entry: UnstakedV0 { user: 0x0f25837044826d0d20a6f0a2b08ffe924e2d012f, amount: 500000000000000000000 }, tm: 1624932216, block_number: 8846364, tx: 0xad51d1e8b016d92abe9b0ffb71e46c4fac4bfe2fc0bd37a93a8e73df4a9baca9, log_index: 18 }    
[2mJul 18 13:45:10.679[0m [34mDEBUG[0m api3tracker::reader: pulling cached blocks 8847400..8852399 chain_id 4
[2mJul 18 13:45:10.752[0m [33m WARN[0m client::state: scheduled for stake shares 499376822852816469001 are less than unstaked unstaking 500522017784258146109 amount 500000000000000000000 wallet Wallet { address: 0x8346885dc33baa3b5f1d1ff2ab705986c992d45d, ens: None, vested: false, deposited: 150050000000000000000000, withdrawn: 50000000000000000000, staked: 100550000000000000000000, scheduled_unstake: Some(ScheduledUnstake { amount: 500000000000000000000, shares: 499376822852816469001, tm: 1624974436 }), shares: 100417753267876236274718, delegates: None, delegated: {}, voting_power: 100417753267876236274718, votes: 1, created_at: 1624969873, updated_at: 1624976738 } OnChainEvent { entry: UnstakedV0 { user: 0x8346885dc33baa3b5f1d1ff2ab705986c992d45d, amount: 500000000000000000000 }, tm: 1624976738, block_number: 8849328, tx: 0x31703bddbee43c8af218ec733458299bc09bcf40664dcfaa29cec39c8df33d1d, log_index: 124 }    
[2mJul 18 13:45:10.784[0m [33m WARN[0m client::state: scheduled for stake shares 499572672125021136264 are less than unstaked unstaking 500592163172438469285 amount 500000000000000000000 wallet Wallet { address: 0xb0a20975f540656e331e2331c6caec608ff254fc, ens: None, vested: false, deposited: 1000000000000000000000, withdrawn: 0, staked: 500000000000000000000, scheduled_unstake: Some(ScheduledUnstake { amount: 500000000000000000000, shares: 499572672125021136264, tm: 1624952470 }), shares: 499572672125021136265, delegates: None, delegated: {}, voting_power: 499572672125021136265, votes: 0, created_at: 1624948075, updated_at: 1624985535 } OnChainEvent { entry: UnstakedV0 { user: 0xb0a20975f540656e331e2331c6caec608ff254fc, amount: 500000000000000000000 }, tm: 1624985535, block_number: 8849914, tx: 0x77a2f31ddc95684c85944fb0c881d18ca1c2ffbc97305f22805d84f5b399d18b, log_index: 4 }    
[2mJul 18 13:45:10.788[0m [33m WARN[0m client::state: scheduled for stake shares 24963561243509933828384 are less than unstaked unstaking 25029610196496865162643 amount 25000000000000000000000 wallet Wallet { address: 0x6f45cc6d0bc5c00ab07c1d079c752d6e22d1b6fa, ens: None, vested: false, deposited: 50000000000000000000000, withdrawn: 0, staked: 25000000000000000000000, scheduled_unstake: Some(ScheduledUnstake { amount: 25000000000000000000000, shares: 24963561243509933828384, tm: 1624982875 }), shares: 24974121041771713071740, delegates: None, delegated: {}, voting_power: 24974121041771713071740, votes: 0, created_at: 1624970023, updated_at: 1625001360 } OnChainEvent { entry: UnstakedV0 { user: 0x6f45cc6d0bc5c00ab07c1d079c752d6e22d1b6fa, amount: 25000000000000000000000 }, tm: 1625001360, block_number: 8850968, tx: 0xbcbd2780f75dcb91d3bfa0180dda805b377924b7dce3e631a630082b3b5247a2, log_index: 48 }    
[2mJul 18 13:45:10.792[0m [34mDEBUG[0m api3tracker::reader: pulling cached blocks 8852400..8857399 chain_id 4
[2mJul 18 13:45:10.800[0m [33m WARN[0m client::state: scheduled for stake shares 499880708571002357735 are less than unstaked unstaking 500602870217350185213 amount 500000000000000000000 wallet Wallet { address: 0x4eb7c52b20c213deaaee9f97315d4eee01e6677e, ens: None, vested: false, deposited: 1000000000000000000000, withdrawn: 0, staked: 500000000000000000000, scheduled_unstake: Some(ScheduledUnstake { amount: 500000000000000000000, shares: 499880708571002357735, tm: 1624914124 }), shares: 499930957439560817157, delegates: None, delegated: {}, voting_power: 499930957439560817157, votes: 0, created_at: 1624908708, updated_at: 1625033662 } OnChainEvent { entry: UnstakedV0 { user: 0x4eb7c52b20c213deaaee9f97315d4eee01e6677e, amount: 500000000000000000000 }, tm: 1625033662, block_number: 8853120, tx: 0xe005374bb0a040a476f728ac8b540d6a23134e260e5f400692b3ab90e59d5e3d, log_index: 8 }    
[2mJul 18 13:45:10.807[0m [33m WARN[0m client::state: scheduled for stake shares 3989351032046920410263 are less than unstaked unstaking 4004932449894431654544 amount 4000000000000000000000 wallet Wallet { address: 0x6dfa6f15d9444e9bcf41b08fa0a0d24fb2b5ca27, ens: None, vested: false, deposited: 225000000000000000000000, withdrawn: 0, staked: 120000000000000000000000, scheduled_unstake: Some(ScheduledUnstake { amount: 4000000000000000000000, shares: 3989351032046920410263, tm: 1625037202 }), shares: 119680513361681845057883, delegates: None, delegated: {}, voting_power: 119680513361681845057883, votes: 0, created_at: 1625032927, updated_at: 1625040106 } OnChainEvent { entry: UnstakedV0 { user: 0x6dfa6f15d9444e9bcf41b08fa0a0d24fb2b5ca27, amount: 4000000000000000000000 }, tm: 1625040106, block_number: 8853549, tx: 0x5d473ba19cd96b60644b2b75e530170110a4080a18340cefcfeb95d402308dad, log_index: 14 }    
[2mJul 18 13:45:10.809[0m [33m WARN[0m client::state: scheduled for stake shares 9971667267810945947410 are less than unstaked unstaking 10013598333742524323830 amount 10000000000000000000000 wallet Wallet { address: 0xf5d7f5fdac83d071b38c1c47fe0c5123edd2c66b, ens: None, vested: false, deposited: 25000000000000000000000, withdrawn: 0, staked: 15000000000000000000000, scheduled_unstake: Some(ScheduledUnstake { amount: 10000000000000000000000, shares: 9971667267810945947410, tm: 1625045461 }), shares: 14959637708571463687824, delegates: None, delegated: {}, voting_power: 14959637708571463687824, votes: 0, created_at: 1625036831, updated_at: 1625046205 } OnChainEvent { entry: UnstakedV0 { user: 0xf5d7f5fdac83d071b38c1c47fe0c5123edd2c66b, amount: 10000000000000000000000 }, tm: 1625046205, block_number: 8853955, tx: 0xae1d01a8be7e10171697a11addb2e6db870578bdfab7e01efad8279f63187412, log_index: 11 }    
[2mJul 18 13:45:10.810[0m [33m WARN[0m client::state: amount 15003429012131460609558 is less than trying to schedule for unstaking, shares 14959637708571463687823, wallet Wallet { address: 0xf5d7f5fdac83d071b38c1c47fe0c5123edd2c66b, ens: None, vested: false, deposited: 25000000000000000000000, withdrawn: 0, staked: 15000000000000000000000, scheduled_unstake: Some(ScheduledUnstake { amount: 10000000000000000000000, shares: 9971667267810945947410, tm: 1625045461 }), shares: 14959637708571463687824, delegates: None, delegated: {}, voting_power: 14959637708571463687824, votes: 0, created_at: 1625036831, updated_at: 1625046385 } OnChainEvent { entry: ScheduledUnstakeV0 { user: 0xf5d7f5fdac83d071b38c1c47fe0c5123edd2c66b, amount: 15003429012131460609558, shares: 14959637708571463687823, scheduled_for: 1625049985 }, tm: 1625046385, block_number: 8853967, tx: 0x59d32aa047ec784bc544aade58b20c6e445e7cf60f92a9b7d7cb0db76cc03184, log_index: 12 }    
[2mJul 18 13:45:10.813[0m [33m WARN[0m client::state: scheduled for stake amount 10000000000000000000000 is less than unstaked, unstaking amount 15003429012131460609558, shares: 9971667267810945947410 wallet Wallet { address: 0xf5d7f5fdac83d071b38c1c47fe0c5123edd2c66b, ens: None, vested: false, deposited: 50000000000000000000000, withdrawn: 0, staked: 50000000000000000000000, scheduled_unstake: Some(ScheduledUnstake { amount: 10000000000000000000000, shares: 9971667267810945947410, tm: 1625045461 }), shares: 49854493779996455491470, delegates: None, delegated: {}, voting_power: 49854493779996455491470, votes: 0, created_at: 1625036831, updated_at: 1625050242 }    
[2mJul 18 13:45:10.813[0m [33m WARN[0m client::state: scheduled for stake shares 9971667267810945947410 are less than unstaked unstaking 15032324838314256925782 amount 15003429012131460609558 wallet Wallet { address: 0xf5d7f5fdac83d071b38c1c47fe0c5123edd2c66b, ens: None, vested: false, deposited: 50000000000000000000000, withdrawn: 0, staked: 50000000000000000000000, scheduled_unstake: Some(ScheduledUnstake { amount: 10000000000000000000000, shares: 9971667267810945947410, tm: 1625045461 }), shares: 49854493779996455491470, delegates: None, delegated: {}, voting_power: 49854493779996455491470, votes: 0, created_at: 1625036831, updated_at: 1625050242 } OnChainEvent { entry: UnstakedV0 { user: 0xf5d7f5fdac83d071b38c1c47fe0c5123edd2c66b, amount: 15003429012131460609558 }, tm: 1625050242, block_number: 8854224, tx: 0xa9fee07537df5af610ee29521ef6c58c65ff7bda78c4cbc5b5ea1c4116b70114, log_index: 1 }    
[2mJul 18 13:45:10.814[0m [33m WARN[0m client::state: scheduled for stake shares 998613994460534420 are less than unstaked unstaking 1001925948138884234 amount 1000000000000000000 wallet Wallet { address: 0x97861289f166209ac391e27c193f4cfec4a67e3d, ens: None, vested: false, deposited: 1050000000000000000000000, withdrawn: 0, staked: 1049999000000000000000000, scheduled_unstake: Some(ScheduledUnstake { amount: 1000000000000000000, shares: 998613994460534420, tm: 1624980338 }), shares: 1048705134683279012380466, delegates: None, delegated: {}, voting_power: 1048705134683279012380466, votes: 10, created_at: 1624959989, updated_at: 1625050362 } OnChainEvent { entry: UnstakedV0 { user: 0x97861289f166209ac391e27c193f4cfec4a67e3d, amount: 1000000000000000000 }, tm: 1625050362, block_number: 8854232, tx: 0x375d70e5f3511e3536ec7b6d41c8acd1470875557d76f90b1f3e7af0d324d98c, log_index: 22 }    
[2mJul 18 13:45:10.814[0m [33m WARN[0m client::state: amount 500982364380106267989 is less than trying to schedule for unstaking, shares 499477303523402326547, wallet Wallet { address: 0x9a858f8763d2b4eb9846be8ad7fab2e958ab777e, ens: None, vested: false, deposited: 1000000000000000000000, withdrawn: 500000000000000000000, staked: 500000000000000000000, scheduled_unstake: None, shares: 499477303523402326548, delegates: None, delegated: {}, voting_power: 499477303523402326548, votes: 1, created_at: 1624958140, updated_at: 1625050767 } OnChainEvent { entry: ScheduledUnstakeV0 { user: 0x9a858f8763d2b4eb9846be8ad7fab2e958ab777e, amount: 500982364380106267989, shares: 499477303523402326547, scheduled_for: 1625054367 }, tm: 1625050767, block_number: 8854259, tx: 0x2e877339b5d4a0d7d612048680e2f362b5f627665b10c009408f04b53520bdf6, log_index: 17 }    
[2mJul 18 13:45:10.827[0m [33m WARN[0m client::state: scheduled for stake shares 4991224719084836427981 are less than unstaked unstaking 5009763282534703578020 amount 4999999999999999999999 wallet Wallet { address: 0xb352658c65cb8313e9904f30f5e98592cb77f145, ens: None, vested: false, deposited: 5000000000000000000000, withdrawn: 0, staked: 1, scheduled_unstake: Some(ScheduledUnstake { amount: 4999999999999999999999, shares: 4991224719084836427981, tm: 1625000362 }), shares: 1, delegates: None, delegated: {}, voting_power: 1, votes: 0, created_at: 1624996717, updated_at: 1625074051 } OnChainEvent { entry: UnstakedV0 { user: 0xb352658c65cb8313e9904f30f5e98592cb77f145, amount: 4999999999999999999999 }, tm: 1625074051, block_number: 8855810, tx: 0xa9444e8084ec0a1001da201d3b95a4357970f0bb2f62627ee5eb8349dd92c3cd, log_index: 12 }    
[2mJul 18 13:45:10.866[0m [34mDEBUG[0m api3tracker::reader: pulling cached blocks 8857400..8862399 chain_id 4
[2mJul 18 13:45:10.937[0m [33m WARN[0m client::state: scheduled for stake shares 497431710708438387343 are less than unstaked unstaking 501152762308851103401 amount 499999999999999999999 wallet Wallet { address: 0x59105d52a350217d4027038f948b034b12f7e6b3, ens: None, vested: false, deposited: 2500000000000000000000, withdrawn: 2000000000000000000000, staked: 1, scheduled_unstake: Some(ScheduledUnstake { amount: 499999999999999999999, shares: 497431710708438387343, tm: 1625141926 }), shares: 1, delegates: None, delegated: {}, voting_power: 1, votes: 0, created_at: 1625088377, updated_at: 1625141960 } OnChainEvent { entry: UnstakedV0 { user: 0x59105d52a350217d4027038f948b034b12f7e6b3, amount: 499999999999999999999 }, tm: 1625141960, block_number: 8860332, tx: 0xb473f8065c253c28d385c6c8252e2ec70daae785d8c5fa377513a7e00d8d2c6f, log_index: 26 }    
[2mJul 18 13:45:10.944[0m [33m WARN[0m client::state: scheduled for stake shares 39804758931337850201447 are less than unstaked unstaking 40093045454633793557714 amount 40000000000000000000000 wallet Wallet { address: 0x6518c695cdcbefa272a4e5ef73bd46e801983e19, ens: None, vested: false, deposited: 85000000000000000000000, withdrawn: 0, staked: 45000000000000000000000, scheduled_unstake: Some(ScheduledUnstake { amount: 40000000000000000000000, shares: 39804758931337850201447, tm: 1625132784 }), shares: 45104681082573234322353, delegates: None, delegated: {}, voting_power: 45104681082573234322353, votes: 16, created_at: 1624897480, updated_at: 1625143176 } OnChainEvent { entry: UnstakedV0 { user: 0x6518c695cdcbefa272a4e5ef73bd46e801983e19, amount: 40000000000000000000000 }, tm: 1625143176, block_number: 8860413, tx: 0x9f4fd3123940e02cfe788297b0894576e48bbef9a5a0fa4be9a90031d47cf1ed, log_index: 24 }    
[2mJul 18 13:45:10.964[0m [33m WARN[0m client::state: scheduled for stake shares 99861397775263617726 are less than unstaked unstaking 100241785554017899357 amount 100000000000000000000 wallet Wallet { address: 0x8346885dc33baa3b5f1d1ff2ab705986c992d45d, ens: None, vested: false, deposited: 150050000000000000000000, withdrawn: 550000000000000000000, staked: 100450000000000000000000, scheduled_unstake: Some(ScheduledUnstake { amount: 100000000000000000000, shares: 99861397775263617726, tm: 1624980398 }), shares: 100317891870100972656992, delegates: None, delegated: {}, voting_power: 100317891870100972656992, votes: 3, created_at: 1624969873, updated_at: 1625147559 } OnChainEvent { entry: UnstakedV0 { user: 0x8346885dc33baa3b5f1d1ff2ab705986c992d45d, amount: 100000000000000000000 }, tm: 1625147559, block_number: 8860705, tx: 0x02f1f37977b25e6a02da458543eb089f4660ee94ef79b4d45a9b135315a67020, log_index: 46 }    
[2mJul 18 13:45:10.976[0m [33m WARN[0m client::state: scheduled for stake shares 497388646745252589826 are less than unstaked unstaking 501232718816118439000 amount 500000000000000000000 wallet Wallet { address: 0x59105d52a350217d4027038f948b034b12f7e6b3, ens: None, vested: false, deposited: 3000000000000000000000, withdrawn: 2499999999999999999999, staked: 1, scheduled_unstake: Some(ScheduledUnstake { amount: 500000000000000000000, shares: 497388646745252589826, tm: 1625147286 }), shares: 477778315770871, delegates: None, delegated: {}, voting_power: 477778315770871, votes: 0, created_at: 1625088377, updated_at: 1625149737 } OnChainEvent { entry: UnstakedV0 { user: 0x59105d52a350217d4027038f948b034b12f7e6b3, amount: 500000000000000000000 }, tm: 1625149737, block_number: 8860850, tx: 0xef42a691d97f844c847d4d874c9f1a94af161bc099928f411a6f717a069eb235, log_index: 15 }    
[2mJul 18 13:45:11.007[0m [34mDEBUG[0m api3tracker::reader: pulling cached blocks 8862400..8867399 chain_id 4
[2mJul 18 13:45:11.031[0m [34mDEBUG[0m api3tracker::reader: pulling cached blocks 8867400..8872399 chain_id 4
[2mJul 18 13:45:11.094[0m [34mDEBUG[0m api3tracker::reader: pulling cached blocks 8872400..8877399 chain_id 4
[2mJul 18 13:45:11.120[0m [33m WARN[0m client::state: amount 35312434923811357166284 is less than trying to schedule for unstaking, shares 34993053571228682502025, wallet Wallet { address: 0x83c257760c549903fde394f0eeaa80ad9e610f22, ens: None, vested: false, deposited: 36000000000000000000000, withdrawn: 1000000000000000000000, staked: 35000000000000000000000, scheduled_unstake: Some(ScheduledUnstake { amount: 1000000000000000000000, shares: 999811666010563174892, tm: 1624910521 }), shares: 34993053571228682502026, delegates: None, delegated: {}, voting_power: 34993053571228682502026, votes: 2, created_at: 1624904881, updated_at: 1625329453 } OnChainEvent { entry: ScheduledUnstakeV0 { user: 0x83c257760c549903fde394f0eeaa80ad9e610f22, amount: 35312434923811357166284, shares: 34993053571228682502025, scheduled_for: 1625333053 }, tm: 1625329453, block_number: 8872818, tx: 0x45168e5a8d5e22a97d3b604769f1ecd7ed0c2236897b46128dc9ca51407ff43a, log_index: 10 }    
[2mJul 18 13:45:11.206[0m [33m WARN[0m client::state: scheduled for stake shares 4971738747119116693507 are less than unstaked unstaking 5025707494219104115462 amount 4998696969000000000000 wallet Wallet { address: 0xdf0e1589163ee6a644815e7d7affccbe99f6ec3c, ens: None, vested: false, deposited: 28000000000000000000000, withdrawn: 0, staked: 23001303031000000000000, scheduled_unstake: Some(ScheduledUnstake { amount: 4998696969000000000000, shares: 4971738747119116693507, tm: 1625152600 }), shares: 22890508760392355903940, delegates: None, delegated: {}, voting_power: 22890508760392355903940, votes: 1, created_at: 1624900439, updated_at: 1625365513 } OnChainEvent { entry: UnstakedV0 { user: 0xdf0e1589163ee6a644815e7d7affccbe99f6ec3c, amount: 4998696969000000000000 }, tm: 1625365513, block_number: 8875220, tx: 0x591c18091d9005abc2a4a67f2721ffd89fd9e61ce9c3aa8844e71c4c8fbf2edd, log_index: 17 }    
[2mJul 18 13:45:11.288[0m [34mDEBUG[0m api3tracker::reader: pulling cached blocks 8877400..8882399 chain_id 4
[2mJul 18 13:45:11.301[0m [33m WARN[0m client::state: scheduled for stake amount 1000000000000000000000 is less than unstaked, unstaking amount 35312434923811357166284, shares: 999811666010563174892 wallet Wallet { address: 0x83c257760c549903fde394f0eeaa80ad9e610f22, ens: None, vested: false, deposited: 36000000000000000000000, withdrawn: 1000000000000000000000, staked: 35000000000000000000000, scheduled_unstake: Some(ScheduledUnstake { amount: 1000000000000000000000, shares: 999811666010563174892, tm: 1624910521 }), shares: 34993053571228682502026, delegates: None, delegated: {}, voting_power: 34993053571228682502026, votes: 2, created_at: 1624904881, updated_at: 1625400668 }    
[2mJul 18 13:45:11.301[0m [33m WARN[0m client::state: scheduled for stake shares 999811666010563174892 are less than unstaked unstaking 35511784278349658613894 amount 35312434923811357166284 wallet Wallet { address: 0x83c257760c549903fde394f0eeaa80ad9e610f22, ens: None, vested: false, deposited: 36000000000000000000000, withdrawn: 1000000000000000000000, staked: 35000000000000000000000, scheduled_unstake: Some(ScheduledUnstake { amount: 1000000000000000000000, shares: 999811666010563174892, tm: 1624910521 }), shares: 34993053571228682502026, delegates: None, delegated: {}, voting_power: 34993053571228682502026, votes: 2, created_at: 1624904881, updated_at: 1625400668 } OnChainEvent { entry: UnstakedV0 { user: 0x83c257760c549903fde394f0eeaa80ad9e610f22, amount: 35312434923811357166284 }, tm: 1625400668, block_number: 8877561, tx: 0x78f18fe4572854cd8cd9beb467893304ecc3d20c0bba38c6a35b94ce7e5c3b9a, log_index: 16 }    
[2mJul 18 13:45:11.518[0m [34mDEBUG[0m api3tracker::reader: pulling cached blocks 8882400..8887399 chain_id 4
[2mJul 18 13:45:11.576[0m [33m WARN[0m client::state: scheduled for stake shares 198335277906760029040 are less than unstaked unstaking 200685408218028929947 amount 200000000000000000000 wallet Wallet { address: 0xbcc2689ce8a8abb5724cf1852b7ecd5c76cf806c, ens: None, vested: false, deposited: 51000000000000000000000, withdrawn: 100000000000000000000, staked: 40800000000000000000000, scheduled_unstake: Some(ScheduledUnstake { amount: 200000000000000000000, shares: 198335277906760029040, tm: 1625285074 }), shares: 40682704495954766950317, delegates: None, delegated: {}, voting_power: 40682704495954766950317, votes: 0, created_at: 1624980041, updated_at: 1625499701 } OnChainEvent { entry: UnstakedV0 { user: 0xbcc2689ce8a8abb5724cf1852b7ecd5c76cf806c, amount: 200000000000000000000 }, tm: 1625499701, block_number: 8884154, tx: 0xae26bff56a541004361c216546b4d94b6d8b532dcaae2ccc0ebef15cd51d16f9, log_index: 35 }    
[2mJul 18 13:45:11.600[0m [33m WARN[0m client::state: scheduled for stake shares 19863208587383164571064758 are less than unstaked unstaking 20136751297373488125914876 amount 20065412860692364847329817 wallet Wallet { address: 0x07b589f06bd0a5324c4e2376d66d2f4f25921de1, ens: None, vested: false, deposited: 20360000000000000000000000, withdrawn: 359982524029944499356868, staked: 294587139307635152670183, scheduled_unstake: Some(ScheduledUnstake { amount: 20065412860692364847329817, shares: 19863208587383164571064758, tm: 1625495035 }), shares: 359916495999701650415164, delegates: None, delegated: {}, voting_power: 359916495999701650415164, votes: 6, created_at: 1624895799, updated_at: 1625504677 } OnChainEvent { entry: UnstakedV0 { user: 0x07b589f06bd0a5324c4e2376d66d2f4f25921de1, amount: 20065412860692364847329817 }, tm: 1625504677, block_number: 8884485, tx: 0xaeab583b8dc71df669af2dd141d4c1b1bb53059e2a9d3f6c510f8b7f9c28221f, log_index: 19 }    
[2mJul 18 13:45:11.645[0m [33m WARN[0m client::state: amount 50000342948978196691080 is less than trying to schedule for unstaking, shares 49495182058942163258217, wallet Wallet { address: 0x59105d52a350217d4027038f948b034b12f7e6b3, ens: None, vested: false, deposited: 52499999999999999999999, withdrawn: 2499999999999999999999, staked: 50000000000000000000000, scheduled_unstake: Some(ScheduledUnstake { amount: 500000000000000000000, shares: 497388646745252589826, tm: 1625147286 }), shares: 49495182058942163258218, delegates: Some(Delegation { address: 0x8625f29e4d06d0a3998ed8c9e45f4b04c7b28d00, shares: 49495182058942163258218, tm: 1625512502 }), delegated: {}, voting_power: 0, votes: 3, created_at: 1625088377, updated_at: 1625512502 } OnChainEvent { entry: ScheduledUnstakeV0 { user: 0x59105d52a350217d4027038f948b034b12f7e6b3, amount: 50000342948978196691080, shares: 49495182058942163258217, scheduled_for: 1625516102 }, tm: 1625512502, block_number: 8885006, tx: 0xe02beda0fd6d6612b84b8a6166666ca2402c0e55f36e42523ca44483be79491f, log_index: 50 }    
[2mJul 18 13:45:11.658[0m [33m WARN[0m client::state: scheduled for stake amount 500000000000000000000 is less than unstaked, unstaking amount 50000342948978196691080, shares: 497388646745252589826 wallet Wallet { address: 0x59105d52a350217d4027038f948b034b12f7e6b3, ens: None, vested: false, deposited: 52499999999999999999999, withdrawn: 2499999999999999999999, staked: 50000000000000000000000, scheduled_unstake: Some(ScheduledUnstake { amount: 500000000000000000000, shares: 497388646745252589826, tm: 1625147286 }), shares: 49495182058942163258218, delegates: Some(Delegation { address: 0x8625f29e4d06d0a3998ed8c9e45f4b04c7b28d00, shares: 49495182058942163258218, tm: 1625512502 }), delegated: {}, voting_power: 0, votes: 3, created_at: 1625088377, updated_at: 1625516422 }    
[2mJul 18 13:45:11.658[0m [33m WARN[0m client::state: scheduled for stake shares 497388646745252589826 are less than unstaked unstaking 50206934326569395244298 amount 50000342948978196691080 wallet Wallet { address: 0x59105d52a350217d4027038f948b034b12f7e6b3, ens: None, vested: false, deposited: 52499999999999999999999, withdrawn: 2499999999999999999999, staked: 50000000000000000000000, scheduled_unstake: Some(ScheduledUnstake { amount: 500000000000000000000, shares: 497388646745252589826, tm: 1625147286 }), shares: 49495182058942163258218, delegates: Some(Delegation { address: 0x8625f29e4d06d0a3998ed8c9e45f4b04c7b28d00, shares: 49495182058942163258218, tm: 1625512502 }), delegated: {}, voting_power: 0, votes: 3, created_at: 1625088377, updated_at: 1625516422 } OnChainEvent { entry: UnstakedV0 { user: 0x59105d52a350217d4027038f948b034b12f7e6b3, amount: 50000342948978196691080 }, tm: 1625516422, block_number: 8885267, tx: 0x18e9967d07e4420f3990823f1fadf1e8fcd4d3536347af542986e091d25ff1fc, log_index: 18 }    
[2mJul 18 13:45:11.693[0m [34mDEBUG[0m api3tracker::reader: pulling cached blocks 8887400..8892399 chain_id 4
[2mJul 18 13:45:11.831[0m [34mDEBUG[0m api3tracker::reader: pulling cached blocks 8892400..8897399 chain_id 4
[2mJul 18 13:45:11.838[0m [33m WARN[0m client::state: scheduled for stake shares 1979880522644653184 are less than unstaked unstaking 2009386958167936483 amount 2000000000000000000 wallet Wallet { address: 0xb0a20975f540656e331e2331c6caec608ff254fc, ens: None, vested: false, deposited: 1010000000000000000000, withdrawn: 100000000000000000000, staked: 508000000000000000000, scheduled_unstake: Some(ScheduledUnstake { amount: 2000000000000000000, shares: 1979880522644653184, tm: 1625474016 }), shares: 507492194215599749004, delegates: None, delegated: {}, voting_power: 507492194215599749004, votes: 0, created_at: 1624948075, updated_at: 1625640326 } OnChainEvent { entry: UnstakedV0 { user: 0xb0a20975f540656e331e2331c6caec608ff254fc, amount: 2000000000000000000 }, tm: 1625640326, block_number: 8893516, tx: 0xd2ac8102a948222b94d5effd7d46320639a1a73d8a5c3a2a3c8402709c8cc05b, log_index: 28 }    
[2mJul 18 13:45:11.839[0m [33m WARN[0m client::state: scheduled for stake shares 247414186379516859351 are less than unstaked unstaking 251173369770992060411 amount 250000000000000000000 wallet Wallet { address: 0x4eb7c52b20c213deaaee9f97315d4eee01e6677e, ens: None, vested: false, deposited: 1000000000000000000000, withdrawn: 0, staked: 750000000000000000000, scheduled_unstake: Some(ScheduledUnstake { amount: 250000000000000000000, shares: 247414186379516859351, tm: 1625576825 }), shares: 751185561178405134088, delegates: None, delegated: {}, voting_power: 751185561178405134088, votes: 0, created_at: 1624908708, updated_at: 1625642968 } OnChainEvent { entry: UnstakedV0 { user: 0x4eb7c52b20c213deaaee9f97315d4eee01e6677e, amount: 250000000000000000000 }, tm: 1625642968, block_number: 8893692, tx: 0x063f1d1a3a3dfc43489080173246a989e8a5c12f6e001b75571c7b22ef98a79d, log_index: 27 }    
[2mJul 18 13:45:11.917[0m [33m WARN[0m client::state: scheduled for stake shares 4947154127655759901 are less than unstaked unstaking 5024844125589475997 amount 5000000000000000000 wallet Wallet { address: 0xabd9daadf32fcd96ee4607bf3d5b31e19a244cac, ens: None, vested: false, deposited: 75325000000000000000000, withdrawn: 5000000000000000000, staked: 75315000000000000000000, scheduled_unstake: Some(ScheduledUnstake { amount: 5000000000000000000, shares: 4947154127655759901, tm: 1625608164 }), shares: 74555759720432361572982, delegates: None, delegated: {}, voting_power: 74555759720432361572982, votes: 0, created_at: 1624899763, updated_at: 1625677937 } OnChainEvent { entry: UnstakedV0 { user: 0xabd9daadf32fcd96ee4607bf3d5b31e19a244cac, amount: 5000000000000000000 }, tm: 1625677937, block_number: 8896020, tx: 0xdf7de438239a6ac7fb7dc7f47235968628c979b4b727e27563584a5b530ef0e6, log_index: 26 }    
[2mJul 18 13:45:11.919[0m [34mDEBUG[0m api3tracker::reader: pulling cached blocks 8897400..8902399 chain_id 4
[2mJul 18 13:45:11.977[0m [33m WARN[0m client::state: scheduled for stake shares 9889503478531707869 are less than unstaked unstaking 10051523679367895514 amount 10000000000000000000 wallet Wallet { address: 0xabd9daadf32fcd96ee4607bf3d5b31e19a244cac, ens: None, vested: false, deposited: 75329000000000000000000, withdrawn: 10000000000000000000, staked: 75305000000000000000000, scheduled_unstake: Some(ScheduledUnstake { amount: 10000000000000000000, shares: 9889503478531707869, tm: 1625681598 }), shares: 74545870216953829865113, delegates: None, delegated: {}, voting_power: 74545870216953829865113, votes: 0, created_at: 1624899763, updated_at: 1625745419 } OnChainEvent { entry: UnstakedV0 { user: 0xabd9daadf32fcd96ee4607bf3d5b31e19a244cac, amount: 10000000000000000000 }, tm: 1625745419, block_number: 8900497, tx: 0xb00595612a88119a40f730c525e31e675dc9f3b84b66fd294edb2b7981724f78, log_index: 3 }    
[2mJul 18 13:45:12.051[0m [34mDEBUG[0m api3tracker::reader: pulling cached blocks 8902400..8907399 chain_id 4
[2mJul 18 13:45:12.055[0m [33m WARN[0m client::state: scheduled for stake shares 49445033804873723517 are less than unstaked unstaking 50270236819000510131 amount 50000000000000000000 wallet Wallet { address: 0xabd9daadf32fcd96ee4607bf3d5b31e19a244cac, ens: None, vested: false, deposited: 75329000000000000000000, withdrawn: 10000000000000000000, staked: 75255000000000000000000, scheduled_unstake: Some(ScheduledUnstake { amount: 50000000000000000000, shares: 49445033804873723517, tm: 1625749064 }), shares: 74496425183148956141596, delegates: None, delegated: {}, voting_power: 74496425183148956141596, votes: 0, created_at: 1624899763, updated_at: 1625781657 } OnChainEvent { entry: UnstakedV0 { user: 0xabd9daadf32fcd96ee4607bf3d5b31e19a244cac, amount: 50000000000000000000 }, tm: 1625781657, block_number: 8902910, tx: 0xa1cacacfeed367ae289eb1e12ee9364ae15f30094937e9d5e01b4a2f4af14a56, log_index: 5 }    
[2mJul 18 13:45:12.060[0m [33m WARN[0m client::state: scheduled for stake shares 11866218852575115081 are less than unstaked unstaking 12064988991993917579 amount 12000000000000000000 wallet Wallet { address: 0xabd9daadf32fcd96ee4607bf3d5b31e19a244cac, ens: None, vested: false, deposited: 75329000000000000000000, withdrawn: 61000000000000000000, staked: 75243000000000000000000, scheduled_unstake: Some(ScheduledUnstake { amount: 12000000000000000000, shares: 11866218852575115081, tm: 1625785287 }), shares: 74484558964296381026515, delegates: None, delegated: {}, voting_power: 74484558964296381026515, votes: 0, created_at: 1624899763, updated_at: 1625785532 } OnChainEvent { entry: UnstakedV0 { user: 0xabd9daadf32fcd96ee4607bf3d5b31e19a244cac, amount: 12000000000000000000 }, tm: 1625785532, block_number: 8903168, tx: 0x16c005f9c09f8376304918610ca4ce139fa15be2da7e3bb9831139fe1822ffdb, log_index: 9 }    
[2mJul 18 13:45:12.172[0m [33m WARN[0m client::state: scheduled for stake shares 54386681194457650419 are less than unstaked unstaking 55315815702744771490 amount 55000000000000000000 wallet Wallet { address: 0xabd9daadf32fcd96ee4607bf3d5b31e19a244cac, ens: None, vested: false, deposited: 75329000000000000000000, withdrawn: 73000000000000000000, staked: 75188000000000000000000, scheduled_unstake: Some(ScheduledUnstake { amount: 55000000000000000000, shares: 54386681194457650419, tm: 1625789192 }), shares: 74430172283101923376096, delegates: None, delegated: {}, voting_power: 74430172283101923376096, votes: 0, created_at: 1624899763, updated_at: 1625842978 } OnChainEvent { entry: UnstakedV0 { user: 0xabd9daadf32fcd96ee4607bf3d5b31e19a244cac, amount: 55000000000000000000 }, tm: 1625842978, block_number: 8906990, tx: 0x596bee14f76727bc8842ebd9607dbc4c60f474c93038ceed48a6b0822a75fe35, log_index: 20 }    
[2mJul 18 13:45:12.190[0m [34mDEBUG[0m api3tracker::reader: pulling cached blocks 8907400..8912399 chain_id 4
[2mJul 18 13:45:12.239[0m [33m WARN[0m client::state: amount 75272958652828919820171 is less than trying to schedule for unstaking, shares 74430172283101923376095, wallet Wallet { address: 0xabd9daadf32fcd96ee4607bf3d5b31e19a244cac, ens: None, vested: false, deposited: 75329000000000000000000, withdrawn: 141000000000000000000, staked: 75188000000000000000000, scheduled_unstake: Some(ScheduledUnstake { amount: 55000000000000000000, shares: 54386681194457650419, tm: 1625789192 }), shares: 74430172283101923376096, delegates: None, delegated: {}, voting_power: 74430172283101923376096, votes: 0, created_at: 1624899763, updated_at: 1625867161 } OnChainEvent { entry: ScheduledUnstakeV0 { user: 0xabd9daadf32fcd96ee4607bf3d5b31e19a244cac, amount: 75272958652828919820171, shares: 74430172283101923376095, scheduled_for: 1625870761 }, tm: 1625867161, block_number: 8908602, tx: 0x2a9c0f85b5b056d1900f6d7101a13088c6d38304d89875f00481c77e8cfaf8c7, log_index: 35 }    
[2mJul 18 13:45:12.254[0m [34mDEBUG[0m api3tracker::reader: pulling cached blocks 8912400..8917399 chain_id 4
[2mJul 18 13:45:12.302[0m [34mDEBUG[0m api3tracker::reader: pulling cached blocks 8917400..8922399 chain_id 4
[2mJul 18 13:45:12.334[0m [34mDEBUG[0m api3tracker::reader: pulling cached blocks 8922400..8927399 chain_id 4
[2mJul 18 13:45:12.336[0m [33m WARN[0m client::state: scheduled for stake amount 55000000000000000000 is less than unstaked, unstaking amount 75272958652828919820171, shares: 54386681194457650419 wallet Wallet { address: 0xabd9daadf32fcd96ee4607bf3d5b31e19a244cac, ens: None, vested: false, deposited: 75329000000000000000000, withdrawn: 141000000000000000000, staked: 75188000000000000000000, scheduled_unstake: Some(ScheduledUnstake { amount: 55000000000000000000, shares: 54386681194457650419, tm: 1625789192 }), shares: 74430172283101923376096, delegates: None, delegated: {}, voting_power: 74430172283101923376096, votes: 0, created_at: 1624899763, updated_at: 1626119363 }    
[2mJul 18 13:45:12.336[0m [33m WARN[0m client::state: scheduled for stake shares 54386681194457650419 are less than unstaked unstaking 75741704162274750309409 amount 75272958652828919820171 wallet Wallet { address: 0xabd9daadf32fcd96ee4607bf3d5b31e19a244cac, ens: None, vested: false, deposited: 75329000000000000000000, withdrawn: 141000000000000000000, staked: 75188000000000000000000, scheduled_unstake: Some(ScheduledUnstake { amount: 55000000000000000000, shares: 54386681194457650419, tm: 1625789192 }), shares: 74430172283101923376096, delegates: None, delegated: {}, voting_power: 74430172283101923376096, votes: 0, created_at: 1624899763, updated_at: 1626119363 } OnChainEvent { entry: UnstakedV0 { user: 0xabd9daadf32fcd96ee4607bf3d5b31e19a244cac, amount: 75272958652828919820171 }, tm: 1626119363, block_number: 8925412, tx: 0x185b12d7aaef50faf72c3f216caeb240eea05d952490a5e2a9aa07384877a389, log_index: 26 }    
[2mJul 18 13:45:12.339[0m [34mDEBUG[0m api3tracker::reader: pulling cached blocks 8927400..8932399 chain_id 4
[2mJul 18 13:45:12.343[0m [34mDEBUG[0m api3tracker::reader: pulling cached blocks 8932400..8937399 chain_id 4
[2mJul 18 13:45:12.343[0m [34mDEBUG[0m api3tracker::reader: pulling cached blocks 8937400..8942399 chain_id 4
[2mJul 18 13:45:12.355[0m [34mDEBUG[0m api3tracker::reader: pulling cached blocks 8942400..8947399 chain_id 4
[2mJul 18 13:45:12.359[0m [34mDEBUG[0m api3tracker::reader: pulling cached blocks 8947400..8952399 chain_id 4
[2mJul 18 13:45:12.360[0m [34mDEBUG[0m api3tracker::reader: pulling cached blocks 8952400..8957399 chain_id 4
[2mJul 18 13:45:12.360[0m [34mDEBUG[0m api3tracker::reader: scanning blocks 8957400..8957788
[2mJul 18 13:45:12.369[0m [32m INFO[0m api3tracker: found: 1336 wallets, 33 votings
[2mJul 18 13:45:13.369[0m [32m INFO[0m [1mServer::run[0m[1m{[0maddr=0.0.0.0:8000[1m}[0m: warp::server: listening on http://0.0.0.0:8000
